current directory: /home/someswar/ror-react-learning-plan/rails-server/vendor/bundle/ruby/3.3.0/gems/date-3.5.1/ext/date
/home/someswar/.rbenv/versions/3.3.10/bin/ruby extconf.rb
checking for rb_category_warn()... yes
checking for timezone in time.h with  -Werror... yes
checking for altzone in time.h with  -Werror... no
creating Makefile

current directory: /home/someswar/ror-react-learning-plan/rails-server/vendor/bundle/ruby/3.3.0/gems/date-3.5.1/ext/date
make DESTDIR\= sitearchdir\=./.gem.20260322-9751-sj4m8q sitelibdir\=./.gem.20260322-9751-sj4m8q clean

current directory: /home/someswar/ror-react-learning-plan/rails-server/vendor/bundle/ruby/3.3.0/gems/date-3.5.1/ext/date
make DESTDIR\= sitearchdir\=./.gem.20260322-9751-sj4m8q sitelibdir\=./.gem.20260322-9751-sj4m8q
compiling date_core.c
compiling date_parse.c
compiling date_strftime.c
compiling date_strptime.c
linking shared-object date_core.so

current directory: /home/someswar/ror-react-learning-plan/rails-server/vendor/bundle/ruby/3.3.0/gems/date-3.5.1/ext/date
make DESTDIR\= sitearchdir\=./.gem.20260322-9751-sj4m8q sitelibdir\=./.gem.20260322-9751-sj4m8q install
/usr/bin/install -c -m 0755 date_core.so ./.gem.20260322-9751-sj4m8q

current directory: /home/someswar/ror-react-learning-plan/rails-server/vendor/bundle/ruby/3.3.0/gems/date-3.5.1/ext/date
make DESTDIR\= sitearchdir\=./.gem.20260322-9751-sj4m8q sitelibdir\=./.gem.20260322-9751-sj4m8q clean
