current directory: /home/someswar/ror-react-learning-plan/rails-server/vendor/bundle/ruby/3.3.0/gems/bcrypt_pbkdf-1.1.2/ext/mri
/home/someswar/.rbenv/versions/3.3.10/bin/ruby extconf.rb
creating Makefile

current directory: /home/someswar/ror-react-learning-plan/rails-server/vendor/bundle/ruby/3.3.0/gems/bcrypt_pbkdf-1.1.2/ext/mri
make DESTDIR\= sitearchdir\=./.gem.20260322-9751-5snnq7 sitelibdir\=./.gem.20260322-9751-5snnq7 clean

current directory: /home/someswar/ror-react-learning-plan/rails-server/vendor/bundle/ruby/3.3.0/gems/bcrypt_pbkdf-1.1.2/ext/mri
make DESTDIR\= sitearchdir\=./.gem.20260322-9751-5snnq7 sitelibdir\=./.gem.20260322-9751-5snnq7
compiling bcrypt_pbkdf.c
compiling bcrypt_pbkdf_ext.c
bcrypt_pbkdf_ext.c: In function ‘Init_bcrypt_pbkdf_ext’:
bcrypt_pbkdf_ext.c:38:6: warning: old-style function definition [-Wold-style-definition]
   38 | void Init_bcrypt_pbkdf_ext(){
      |      ^~~~~~~~~~~~~~~~~~~~~
At top level:
cc1: note: unrecognized command-line option ‘-Wno-self-assign’ may have been intended to silence earlier diagnostics
cc1: note: unrecognized command-line option ‘-Wno-parentheses-equality’ may have been intended to silence earlier diagnostics
cc1: note: unrecognized command-line option ‘-Wno-constant-logical-operand’ may have been intended to silence earlier diagnostics
compiling blowfish.c
compiling explicit_bzero.c
compiling hash_sha512.c
linking shared-object bcrypt_pbkdf_ext.so

current directory: /home/someswar/ror-react-learning-plan/rails-server/vendor/bundle/ruby/3.3.0/gems/bcrypt_pbkdf-1.1.2/ext/mri
make DESTDIR\= sitearchdir\=./.gem.20260322-9751-5snnq7 sitelibdir\=./.gem.20260322-9751-5snnq7 install
/usr/bin/install -c -m 0755 bcrypt_pbkdf_ext.so ./.gem.20260322-9751-5snnq7

current directory: /home/someswar/ror-react-learning-plan/rails-server/vendor/bundle/ruby/3.3.0/gems/bcrypt_pbkdf-1.1.2/ext/mri
make DESTDIR\= sitearchdir\=./.gem.20260322-9751-5snnq7 sitelibdir\=./.gem.20260322-9751-5snnq7 clean
